// Jest Snapshot v1, https://goo.gl/fbAQLP

exports[`should match with snapshot 1`] = `
<RCTSafeAreaView
  style={
    {
      "flex": 1,
    }
  }
>
  <Text>
    Testing
  </Text>
  <RCTScrollView
    data={[]}
    getItem={[Function]}
    getItemCount={[Function]}
    keyExtractor={[Function]}
    onContentSizeChange={[Function]}
    onLayout={[Function]}
    onMomentumScrollBegin={[Function]}
    onMomentumScrollEnd={[Function]}
    onScroll={[Function]}
    onScrollBeginDrag={[Function]}
    onScrollEndDrag={[Function]}
    removeClippedSubviews={false}
    renderItem={[Function]}
    scrollEventThrottle={0.0001}
    stickyHeaderIndices={[]}
    testID="item-list"
    viewabilityConfigCallbackPairs={[]}
  >
    <View />
  </RCTScrollView>
  <TextInput
    onChangeText={[Function]}
    placeholder="add..."
    style={
      {
        "backgroundColor": "gray",
        "borderRadius": 10,
        "color": "white",
        "margin": 10,
        "padding": 10,
      }
    }
    testID="item-input"
    value=""
  />
  <View
    accessibilityState={
      {
        "busy": undefined,
        "checked": undefined,
        "disabled": undefined,
        "expanded": undefined,
        "selected": undefined,
      }
    }
    accessibilityValue={
      {
        "max": undefined,
        "min": undefined,
        "now": undefined,
        "text": undefined,
      }
    }
    accessible={true}
    collapsable={false}
    focusable={true}
    onClick={[Function]}
    onResponderGrant={[Function]}
    onResponderMove={[Function]}
    onResponderRelease={[Function]}
    onResponderTerminate={[Function]}
    onResponderTerminationRequest={[Function]}
    onStartShouldSetResponder={[Function]}
    style={
      {
        "alignItems": "center",
        "backgroundColor": "blue",
        "borderRadius": 10,
        "justifyContent": "center",
        "margin": 10,
        "opacity": 1,
        "padding": 10,
      }
    }
    testID="button-touchable"
  >
    <Text
      style={
        {
          "color": "white",
          "fontSize": 16,
          "fontWeight": "bold",
        }
      }
      testID="button-title"
    >
      Radyoaktif Boi
    </Text>
  </View>
</RCTSafeAreaView>
`;
